------------------------------------------------------------
[Notice] nonzeros
              : natlist -> list nat
------------------------------------------------------------
------------------------------------------------------------
[Notice]      = [5; 6; 7; 9; 8]
              : list nat
------------------------------------------------------------
------------------------------------------------------------
[Notice] nonzeros_app
              : forall l1 l2 : natlist, nonzeros (l1 ++ l2) = nonzeros l1 ++ nonzeros l2
------------------------------------------------------------
