------------------------------------------------------------
[Error] Timeout!
------------------------------------------------------------
{"fname":["ToplevelInput"],"line_nb":1,"bol_pos":0,"line_nb_last":1,"bol_pos_last":0,"bp":0,"ep":29}
------------------------------------------------------------
[Error] Timeout!
------------------------------------------------------------
{"fname":["ToplevelInput"],"line_nb":1,"bol_pos":0,"line_nb_last":1,"bol_pos_last":0,"bp":0,"ep":29}
Aborted.
